Removed Pin From Net: NetName=Pixhawk VCC Pin=Lidar Conn-1
Removed Pin From Net: NetName=GND Pin=Lidar Conn-3
Removed Pin From Net: NetName=GND Pin=Lidar Conn-7
Removed Member From Class: ClassName=Sheet4 Member=Lidar Conn
Added Component: Designator=J?(JST_B7B-XH-A(LF)(SN))
Add component (AddParameter): Name = "Check_prices"; Value = "https://www.snapeda.com/parts/B7B-XH-A(LF)(SN)/JST/view-part/?ref=eda"; VariantName = "[No Variations]"
Add component (AddParameter): Name = "MF"; Value = "JST Sales America Inc."; VariantName = "[No Variations]"
Add component (AddParameter): Name = "MP"; Value = "B7B-XH-A(LF)(SN)"; VariantName = "[No Variations]"
Add component (AddParameter): Name = "Package"; Value = "None"; VariantName = "[No Variations]"
Add component (AddParameter): Name = "SnapEDA_Link"; Value = "https://www.snapeda.com/parts/B7B-XH-A(LF)(SN)/JST/view-part/?ref=snap"; VariantName = "[No Variations]"
Add component (AddParameter): Name = "Value"; Value = ""; VariantName = "[No Variations]"
Added Pin To Net: NetName=GND Pin=J?-4
Added Pin To Net: NetName=GND Pin=J?-5
Added Pin To Net: NetName=Pixhawk VCC Pin=J?-7
Added Pin To Net: NetName=NetJ?_1 Pin=J?-1
Added Pin To Net: NetName=NetJ?_1 Pin=Pixhawk Telem Connector-3
Added Net: Name=NetJ?_1
Added Pin To Net: NetName=NetJ?_2 Pin=J?-2
Added Pin To Net: NetName=NetJ?_2 Pin=Pixhawk Telem Connector-2
Added Net: Name=NetJ?_2
Added Pin To Net: NetName=NetJ?_3 Pin=J?-3
Added Pin To Net: NetName=NetJ?_3 Pin=Pixhawk Telem Connector-1
Added Net: Name=NetJ?_3
Added Pin To Net: NetName=NetJ?_6 Pin=J?-6
Added Net: Name=NetJ?_6
Added Member To Class: ClassName=Sheet4 Member=Component J? B7B-XH-A(LF)(SN)
